// Jest Snapshot v1, https://goo.gl/fbAQLP

exports[`renders correctly 1`] = `
<img
  alt="MikuroXina"
  className="avatar"
  src="https://github.com/MikuroXina.png"
/>
`;
