// Jest Snapshot v1, https://goo.gl/fbAQLP

exports[`renders correctly 1`] = `
<div
  className="button"
  onClick={[Function]}
>
  Click Here
</div>
`;
