// Jest Snapshot v1, https://goo.gl/fbAQLP

exports[`renders correctly 1`] = `
<div
  className="css-1n9yuqd"
>
  <a
    className="chakra-link css-wppl45"
    href="/policy"
    onClick={[Function]}
    onMouseEnter={[Function]}
  >
    プライバシーポリシー
  </a>
  - (c) 2021 Approvers
</div>
`;
