// Vitest Snapshot v1

exports[`renders correctly 1`] = `
<div
  className="css-dvi6oq"
>
  <button
    className="chakra-button css-1h3syp1"
    onClick={[Function]}
    type="button"
  >
    <span
      className="chakra-button__icon css-1wh2kri"
    >
      <svg
        aria-hidden={true}
        className="svg-inline--fa fa-bars "
        data-icon="bars"
        data-prefix="fas"
        focusable={false}
        role="img"
        style={{}}
        viewBox="0 0 448 512"
        xmlns="http://www.w3.org/2000/svg"
      >
        <path
          d="M0 96C0 78.3 14.3 64 32 64H416c17.7 0 32 14.3 32 32s-14.3 32-32 32H32C14.3 128 0 113.7 0 96zM0 256c0-17.7 14.3-32 32-32H416c17.7 0 32 14.3 32 32s-14.3 32-32 32H32c-17.7 0-32-14.3-32-32zM448 416c0 17.7-14.3 32-32 32H32c-17.7 0-32-14.3-32-32s14.3-32 32-32H416c17.7 0 32 14.3 32 32z"
          fill="currentColor"
          style={{}}
        />
      </svg>
    </span>
    メニュー
  </button>
  <header
    className="css-plc0gq"
  >
    <a
      className="css-70qvj9"
      href="/"
      onClick={[Function]}
      onMouseEnter={[Function]}
      onTouchStart={[Function]}
    >
      <span
        className="chakra-avatar css-11wutbi"
      >
        <div
          aria-label="Approversロゴ"
          className="chakra-avatar__initials css-0"
          role="img"
        >
          A
        </div>
      </span>
      <span
        className="chakra-heading css-0"
      >
        Approvers
      </span>
    </a>
  </header>
  <div
    className="css-oogwee"
  >
    Hello, world!
  </div>
  <footer
    className="css-114d7fc"
  >
    <a
      className="chakra-link css-i6sr0x"
      href="/policy"
      onClick={[Function]}
      onMouseEnter={[Function]}
      onTouchStart={[Function]}
    >
      プライバシーポリシー
    </a>
    - (c) 
    2022
     Approvers
  </footer>
</div>
`;
