// Jest Snapshot v1, https://goo.gl/fbAQLP

exports[`renders correctly 1`] = `
<div
  className="grid"
>
  <div
    className="paperWrapper"
  >
    <div
      className="paper"
    >
      <div>
        hoge
      </div>
    </div>
  </div>
  <div
    className="paperWrapper"
  >
    <div
      className="paper"
    >
      <div>
        fuga
      </div>
    </div>
  </div>
  <div
    className="paperWrapper"
  >
    <div
      className="paper"
    >
      <div>
        foo
      </div>
    </div>
  </div>
  <div
    className="paperWrapper"
  >
    <div
      className="paper"
    >
      <div>
        bar
      </div>
    </div>
  </div>
</div>
`;
